// Jest Snapshot v1, https://goo.gl/fbAQLP

exports[`renders homepage unchanged 1`] = `
<div>
  <div
    class="css-h3kxl"
  >
    <div
      class="css-3t4j61"
    >
      <a
        href="/"
      >
        <header
          class="chakra-text css-1t21msl"
          role="heading"
        >
          NTU SCSE Club
        </header>
      </a>
    </div>
    <div
      class="css-4u50lb"
    >
      <div
        class="css-x04aw6"
      >
        <a
          href="/about"
        >
          <p
            class="chakra-text css-1irr9u7"
          >
            10,000+
            <br />
            Undergraduates
          </p>
        </a>
        <a
          href="/join"
        >
          <p
            class="chakra-text css-1irr9u7"
          >
            8 Sub-Committees
          </p>
        </a>
      </div>
      <div
        class="css-1nyev3f"
      >
        <div
          class="css-11wjvlj"
        >
          <img
            alt="open doodles book image"
            data-nimg="fill"
            decoding="async"
            loading="lazy"
            sizes="100vw"
            src="/_next/image?url=%2Fhero%2Fopen-doodles-book.png&w=3840&q=75"
            srcset="/_next/image?url=%2Fhero%2Fopen-doodles-book.png&w=640&q=75 640w, /_next/image?url=%2Fhero%2Fopen-doodles-book.png&w=750&q=75 750w, /_next/image?url=%2Fhero%2Fopen-doodles-book.png&w=828&q=75 828w, /_next/image?url=%2Fhero%2Fopen-doodles-book.png&w=1080&q=75 1080w, /_next/image?url=%2Fhero%2Fopen-doodles-book.png&w=1200&q=75 1200w, /_next/image?url=%2Fhero%2Fopen-doodles-book.png&w=1920&q=75 1920w, /_next/image?url=%2Fhero%2Fopen-doodles-book.png&w=2048&q=75 2048w, /_next/image?url=%2Fhero%2Fopen-doodles-book.png&w=3840&q=75 3840w"
            style="position: absolute; height: 100%; width: 100%; left: 0px; top: 0px; right: 0px; bottom: 0px; color: transparent;"
          />
        </div>
      </div>
      <div
        class="css-65vasj"
      >
        <a
          href="/events"
        >
          <p
            class="chakra-text css-1irr9u7"
          >
            10+ events yearly
          </p>
        </a>
        <a
          href="/academics"
        >
          <p
            class="chakra-text css-1irr9u7"
          >
            One-stop place for all your academic needs
          </p>
        </a>
      </div>
    </div>
    <svg
      class="chakra-icon css-1xygiwb"
      fill="currentColor"
      focusable="false"
      height="1em"
      stroke="currentColor"
      stroke-width="0"
      viewBox="0 0 448 512"
      width="1em"
      xmlns="http://www.w3.org/2000/svg"
    >
      <path
        d="M413.1 222.5l22.2 22.2c9.4 9.4 9.4 24.6 0 33.9L241 473c-9.4 9.4-24.6 9.4-33.9 0L12.7 278.6c-9.4-9.4-9.4-24.6 0-33.9l22.2-22.2c9.5-9.5 25-9.3 34.3.4L184 343.4V56c0-13.3 10.7-24 24-24h32c13.3 0 24 10.7 24 24v287.4l114.8-120.5c9.3-9.8 24.8-10 34.3-.4z"
      />
    </svg>
    <div
      class="css-1ul3gu"
    >
      <img
        alt="image of scse students"
        data-nimg="fill"
        decoding="async"
        loading="lazy"
        sizes="100vw"
        src="/_next/image?url=%2Fhero%2Fstudents-1.png&w=3840&q=75"
        srcset="/_next/image?url=%2Fhero%2Fstudents-1.png&w=640&q=75 640w, /_next/image?url=%2Fhero%2Fstudents-1.png&w=750&q=75 750w, /_next/image?url=%2Fhero%2Fstudents-1.png&w=828&q=75 828w, /_next/image?url=%2Fhero%2Fstudents-1.png&w=1080&q=75 1080w, /_next/image?url=%2Fhero%2Fstudents-1.png&w=1200&q=75 1200w, /_next/image?url=%2Fhero%2Fstudents-1.png&w=1920&q=75 1920w, /_next/image?url=%2Fhero%2Fstudents-1.png&w=2048&q=75 2048w, /_next/image?url=%2Fhero%2Fstudents-1.png&w=3840&q=75 3840w"
        style="position: absolute; height: 100%; width: 100%; left: 0px; top: 0px; right: 0px; bottom: 0px; color: transparent; border-radius: 400px;"
      />
    </div>
    <div
      class="css-bb0rn7"
    >
      <img
        alt="image of scse students"
        data-nimg="fill"
        decoding="async"
        loading="lazy"
        sizes="100vw"
        src="/_next/image?url=%2Fhero%2Fstudents-2.png&w=3840&q=75"
        srcset="/_next/image?url=%2Fhero%2Fstudents-2.png&w=640&q=75 640w, /_next/image?url=%2Fhero%2Fstudents-2.png&w=750&q=75 750w, /_next/image?url=%2Fhero%2Fstudents-2.png&w=828&q=75 828w, /_next/image?url=%2Fhero%2Fstudents-2.png&w=1080&q=75 1080w, /_next/image?url=%2Fhero%2Fstudents-2.png&w=1200&q=75 1200w, /_next/image?url=%2Fhero%2Fstudents-2.png&w=1920&q=75 1920w, /_next/image?url=%2Fhero%2Fstudents-2.png&w=2048&q=75 2048w, /_next/image?url=%2Fhero%2Fstudents-2.png&w=3840&q=75 3840w"
        style="position: absolute; height: 100%; width: 100%; left: 0px; top: 0px; right: 0px; bottom: 0px; color: transparent; border-radius: 400px;"
      />
    </div>
  </div>
  <div
    class="chakra-stack css-12nxbtz"
  >
    <div
      class="css-1jbryaa"
    >
      <div
        class="css-0"
      >
        <div
          class="css-1vz34qo"
        >
          <a
            class="chakra-link css-13jvj27"
            href="blog/techterview-101-navigating-the-internship-world"
          >
            <div
              class="css-hkp7"
            >
              <div
                class="css-1m6ql1p"
              >
                <img
                  alt="Techterview 101: Navigating the Internship World"
                  sizes="(max-width: 768px) 100vw, (max-width: 1200px) 50vw, 33vw"
                  src="https://clubs.ntu.edu.sg/csec/techterview-101-navigating-the-internship-world/cover-photo/"
                  style="object-fit: fill;"
                />
              </div>
              <div
                class="chakra-stack css-lha1ht"
              >
                <h2
                  class="chakra-heading css-zr62dw"
                >
                  Techterview 101: Navigating the Internship World
                </h2>
                <p
                  class="chakra-text css-v04ol"
                >
                  February 22, 2022
                </p>
                <p
                  class="chakra-text css-q9k0mw"
                >
                  Techterview 101: Navigating the Internship World, a senior sharing event for the SCSE students took place on the 24th of...
                </p>
              </div>
            </div>
          </a>
        </div>
      </div>
      <div
        class="css-0"
      >
        <div
          class="css-1vz34qo"
        >
          <a
            class="chakra-link css-13jvj27"
            href="blog/21st-main-committee"
          >
            <div
              class="css-hkp7"
            >
              <div
                class="css-1m6ql1p"
              >
                <img
                  alt="21st Main Committee"
                  sizes="(max-width: 768px) 100vw, (max-width: 1200px) 50vw, 33vw"
                  src="https://clubs.ntu.edu.sg/csec/untitled/"
                  style="object-fit: fill;"
                />
              </div>
              <div
                class="chakra-stack css-lha1ht"
              >
                <h2
                  class="chakra-heading css-zr62dw"
                >
                  21st Main Committee
                </h2>
                <p
                  class="chakra-text css-v04ol"
                >
                  March 31, 2021
                </p>
                <p
                  class="chakra-text css-q9k0mw"
                >
                  Introducing the 21st Main Committee Mission of 21st Main Committee School of Computer Science and Engineering Club (CSEC...
                </p>
              </div>
            </div>
          </a>
        </div>
      </div>
    </div>
  </div>
  <span
    hidden=""
    id="__chakra_env"
  />
</div>
`;
